Category                                           Subcategory                                        ProductName                                        GrossProfit
-------------------------------------------------- -------------------------------------------------- -------------------------------------------------- ---------------------
Accessories                                        Bike Racks                                         Hitch Rack - 4-Bike                                97347.12
Accessories                                        Bike Stands                                        All-Purpose Bike Stand                             24783.966
Accessories                                        Bottles and Cages                                  Mountain Bottle Cage                               12663.7425
Accessories                                        Bottles and Cages                                  Road Bottle Cage                                   9634.6224
Accessories                                        Bottles and Cages                                  Water Bottle - 30 oz.                              16014.1344
Accessories                                        Cleaners                                           Bike Wash - Dissolver                              8650.1883
Accessories                                        Fenders                                            Fender Set - Mountain                              29183.8995
Accessories                                        Helmets                                            Sport-100 Helmet, Black                            76596.9926
Accessories                                        Helmets                                            Sport-100 Helmet, Blue                             78479.9867
Accessories                                        Helmets                                            Sport-100 Helmet, Red                              76867.1526
Accessories                                        Hydration Packs                                    Hydration Pack - 70 oz.                            49546.2095
Accessories                                        Locks                                              Cable Lock                                         5054.3125
Accessories                                        Pumps                                              Minipump                                           4210.9652
Accessories                                        Tires and Tubes                                    HL Mountain Tire                                   30586.36
Accessories                                        Tires and Tubes                                    HL Road Tire                                       17509.7208
Accessories                                        Tires and Tubes                                    LL Mountain Tire                                   13484.8694
Accessories                                        Tires and Tubes                                    LL Road Tire                                       14044.6188
Accessories                                        Tires and Tubes                                    ML Mountain Tire                                   21796.2657
Accessories                                        Tires and Tubes                                    ML Road Tire                                       14486.0662
Accessories                                        Tires and Tubes                                    Mountain Tire Tube                                 9667.8515
Accessories                                        Tires and Tubes                                    Patch Kit/8 Patches                                4922.5439
Accessories                                        Tires and Tubes                                    Road Tire Tube                                     5934.5352
Accessories                                        Tires and Tubes                                    Touring Tire                                       16968.0995
Accessories                                        Tires and Tubes                                    Touring Tire Tube                                  4648.0656
Bikes                                              Mountain Bikes                                     Mountain-100 Black, 38                             67578.0834
Bikes                                              Mountain Bikes                                     Mountain-100 Black, 42                             69519.3788
Bikes                                              Mountain Bikes                                     Mountain-100 Black, 44                             96972.8964
Bikes                                              Mountain Bikes                                     Mountain-100 Black, 48                             83063.8891
Bikes                                              Mountain Bikes                                     Mountain-100 Silver, 38                            83603.0187
Bikes                                              Mountain Bikes                                     Mountain-100 Silver, 42                            68906.9031
Bikes                                              Mountain Bikes                                     Mountain-100 Silver, 44                            83529.5799
Bikes                                              Mountain Bikes                                     Mountain-100 Silver, 48                            65918.994
Bikes                                              Mountain Bikes                                     Mountain-200 Black, 38                             679002.9361
Bikes                                              Mountain Bikes                                     Mountain-200 Black, 42                             678789.6167
Bikes                                              Mountain Bikes                                     Mountain-200 Black, 46                             668165.9142
Bikes                                              Mountain Bikes                                     Mountain-200 Silver, 38                            666593.3896
Bikes                                              Mountain Bikes                                     Mountain-200 Silver, 42                            613898.5813
Bikes                                              Mountain Bikes                                     Mountain-200 Silver, 46                            631477.9826
Bikes                                              Mountain Bikes                                     Mountain-300 Black, 38                             33422.8868
Bikes                                              Mountain Bikes                                     Mountain-300 Black, 40                             37701.4806
Bikes                                              Mountain Bikes                                     Mountain-300 Black, 44                             37020.2742
Bikes                                              Mountain Bikes                                     Mountain-300 Black, 48                             36392.5666
Bikes                                              Mountain Bikes                                     Mountain-400-W Silver, 38                          63367.938
Bikes                                              Mountain Bikes                                     Mountain-400-W Silver, 40                          64905.8478
Bikes                                              Mountain Bikes                                     Mountain-400-W Silver, 42                          55843.19
Bikes                                              Mountain Bikes                                     Mountain-400-W Silver, 46                          59114.7158
Bikes                                              Mountain Bikes                                     Mountain-500 Black, 40                             18662.6406
Bikes                                              Mountain Bikes                                     Mountain-500 Black, 42                             21996.5524
Bikes                                              Mountain Bikes                                     Mountain-500 Black, 44                             22822.773
Bikes                                              Mountain Bikes                                     Mountain-500 Black, 48                             25302.7967
Bikes                                              Mountain Bikes                                     Mountain-500 Black, 52                             16856.5256
Bikes                                              Mountain Bikes                                     Mountain-500 Silver, 40                            9329.325
Bikes                                              Mountain Bikes                                     Mountain-500 Silver, 42                            4963.2855
Bikes                                              Mountain Bikes                                     Mountain-500 Silver, 44                            7657.7661
Bikes                                              Mountain Bikes                                     Mountain-500 Silver, 48                            5928.8217
Bikes                                              Mountain Bikes                                     Mountain-500 Silver, 52                            6583.8555
Bikes                                              Road Bikes                                         Road-150 Red, 44                                   391564.3766
Bikes                                              Road Bikes                                         Road-150 Red, 48                                   470355.0214
Bikes                                              Road Bikes                                         Road-150 Red, 52                                   421110.8684
Bikes                                              Road Bikes                                         Road-150 Red, 56                                   406079.2792
Bikes                                              Road Bikes                                         Road-150 Red, 62                                   466320.168
Bikes                                              Road Bikes                                         Road-250 Black, 44                                 -34924.6877
Bikes                                              Road Bikes                                         Road-250 Black, 48                                 18934.1381
Bikes                                              Road Bikes                                         Road-250 Black, 52                                 76537.6395
Bikes                                              Road Bikes                                         Road-250 Black, 58                                 91375.0435
Bikes                                              Road Bikes                                         Road-250 Red, 44                                   90496.7615
Bikes                                              Road Bikes                                         Road-250 Red, 48                                   115816.7122
Bikes                                              Road Bikes                                         Road-250 Red, 52                                   96262.1004
Bikes                                              Road Bikes                                         Road-250 Red, 58                                   116027.4691
Bikes                                              Road Bikes                                         Road-350-W Yellow, 40                              64649.9203
Bikes                                              Road Bikes                                         Road-350-W Yellow, 42                              99352.1383
Bikes                                              Road Bikes                                         Road-350-W Yellow, 44                              113778.56
Bikes                                              Road Bikes                                         Road-350-W Yellow, 48                              32504.6165
Bikes                                              Road Bikes                                         Road-450 Red, 44                                   -3430.3478
Bikes                                              Road Bikes                                         Road-450 Red, 48                                   -1546.6308
Bikes                                              Road Bikes                                         Road-450 Red, 52                                   -7039.153
Bikes                                              Road Bikes                                         Road-450 Red, 58                                   -6499.1176
Bikes                                              Road Bikes                                         Road-450 Red, 60                                   -3470.005
Bikes                                              Road Bikes                                         Road-550-W Yellow, 38                              -15265.2037
Bikes                                              Road Bikes                                         Road-550-W Yellow, 40                              1828.0534
Bikes                                              Road Bikes                                         Road-550-W Yellow, 42                              41402.9188
Bikes                                              Road Bikes                                         Road-550-W Yellow, 44                              56800.9369
Bikes                                              Road Bikes                                         Road-550-W Yellow, 48                              -21910.7008
Bikes                                              Road Bikes                                         Road-650 Black, 44                                 -16289.1268
Bikes                                              Road Bikes                                         Road-650 Black, 48                                 -2492.4742
Bikes                                              Road Bikes                                         Road-650 Black, 52                                 -57004.4092
Bikes                                              Road Bikes                                         Road-650 Black, 58                                 -39534.9115
Bikes                                              Road Bikes                                         Road-650 Black, 60                                 -13379.0891
Bikes                                              Road Bikes                                         Road-650 Black, 62                                 -1188.2365
Bikes                                              Road Bikes                                         Road-650 Red, 44                                   -129056.3609
Bikes                                              Road Bikes                                         Road-650 Red, 48                                   -38202.7551
Bikes                                              Road Bikes                                         Road-650 Red, 52                                   -17587.5934
Bikes                                              Road Bikes                                         Road-650 Red, 58                                   3227.9623
Bikes                                              Road Bikes                                         Road-650 Red, 60                                   -65180.9975
Bikes                                              Road Bikes                                         Road-650 Red, 62                                   -41140.0418
Bikes                                              Road Bikes                                         Road-750 Black, 44                                 64864.4864
Bikes                                              Road Bikes                                         Road-750 Black, 48                                 45014.4864
Bikes                                              Road Bikes                                         Road-750 Black, 52                                 56308.4774
Bikes                                              Road Bikes                                         Road-750 Black, 58                                 54609.8688
Bikes                                              Touring Bikes                                      Touring-1000 Blue, 46                              107490.0993
Bikes                                              Touring Bikes                                      Touring-1000 Blue, 50                              109623.3609
Bikes                                              Touring Bikes                                      Touring-1000 Blue, 54                              131312.6733
Bikes                                              Touring Bikes                                      Touring-1000 Blue, 60                              69037.9125
Bikes                                              Touring Bikes                                      Touring-1000 Yellow, 46                            -12320.8617
Bikes                                              Touring Bikes                                      Touring-1000 Yellow, 50                            42238.0992
Bikes                                              Touring Bikes                                      Touring-1000 Yellow, 54                            93514.6737
Bikes                                              Touring Bikes                                      Touring-1000 Yellow, 60                            -72219.1887
Bikes                                              Touring Bikes                                      Touring-2000 Blue, 46                              32751.3626
Bikes                                              Touring Bikes                                      Touring-2000 Blue, 50                              43060.1024
Bikes                                              Touring Bikes                                      Touring-2000 Blue, 54                              12007.537
Bikes                                              Touring Bikes                                      Touring-2000 Blue, 60                              16993.289
Bikes                                              Touring Bikes                                      Touring-3000 Blue, 44                              2481.5159
Bikes                                              Touring Bikes                                      Touring-3000 Blue, 50                              -26899.5313
Bikes                                              Touring Bikes                                      Touring-3000 Blue, 54                              -16604.6153
Bikes                                              Touring Bikes                                      Touring-3000 Blue, 58                              -5056.3136
Bikes                                              Touring Bikes                                      Touring-3000 Blue, 62                              8373.9937
Bikes                                              Touring Bikes                                      Touring-3000 Yellow, 44                            -22590.9323
Bikes                                              Touring Bikes                                      Touring-3000 Yellow, 50                            -15082.7978
Bikes                                              Touring Bikes                                      Touring-3000 Yellow, 54                            -6261.5919
Bikes                                              Touring Bikes                                      Touring-3000 Yellow, 58                            -95.6264
Bikes                                              Touring Bikes                                      Touring-3000 Yellow, 62                            -25693.0642
Clothing                                           Bib-Shorts                                         Men's Bib-Shorts, L                                10680.6723
Clothing                                           Bib-Shorts                                         Men's Bib-Shorts, M                                26585.7053
Clothing                                           Bib-Shorts                                         Men's Bib-Shorts, S                                14734.0408
Clothing                                           Caps                                               AWC Logo Cap                                       -6018.9542
Clothing                                           Gloves                                             Full-Finger Gloves, L                              19428.1915
Clothing                                           Gloves                                             Full-Finger Gloves, M                              14380.4895
Clothing                                           Gloves                                             Full-Finger Gloves, S                              3574.8465
Clothing                                           Gloves                                             Half-Finger Gloves, L                              11228.1176
Clothing                                           Gloves                                             Half-Finger Gloves, M                              23049.9372
Clothing                                           Gloves                                             Half-Finger Gloves, S                              16503.4383
Clothing                                           Jerseys                                            Long-Sleeve Logo Jersey, L                         -53500.5042
Clothing                                           Jerseys                                            Long-Sleeve Logo Jersey, M                         -24448.6292
Clothing                                           Jerseys                                            Long-Sleeve Logo Jersey, S                         4932.5133
Clothing                                           Jerseys                                            Long-Sleeve Logo Jersey, XL                        -19017.9072
Clothing                                           Jerseys                                            Short-Sleeve Classic Jersey, L                     -19254.9936
Clothing                                           Jerseys                                            Short-Sleeve Classic Jersey, M                     5054.0039
Clothing                                           Jerseys                                            Short-Sleeve Classic Jersey, S                     -9488.7425
Clothing                                           Jerseys                                            Short-Sleeve Classic Jersey, XL                    -29757.1284
Clothing                                           Shorts                                             Men's Sports Shorts, L                             5005.4045
Clothing                                           Shorts                                             Men's Sports Shorts, M                             14141.4108
Clothing                                           Shorts                                             Men's Sports Shorts, S                             6350.0773
Clothing                                           Shorts                                             Women's Mountain Shorts, L                         55161.3689
Clothing                                           Shorts                                             Women's Mountain Shorts, M                         27870.9523
Clothing                                           Shorts                                             Women's Mountain Shorts, S                         54259.3357
Clothing                                           Socks                                              Mountain Bike Socks, L                             207.333
Clothing                                           Socks                                              Mountain Bike Socks, M                             2387.9359
Clothing                                           Socks                                              Racing Socks, L                                    5656.0315
Clothing                                           Socks                                              Racing Socks, M                                    4196.3083
Clothing                                           Tights                                             Women's Tights, L                                  28950.0239
Clothing                                           Tights                                             Women's Tights, M                                  5539.8764
Clothing                                           Tights                                             Women's Tights, S                                  27932.2234
Clothing                                           Vests                                              Classic Vest, L                                    7923.657
Clothing                                           Vests                                              Classic Vest, M                                    36664.519
Clothing                                           Vests                                              Classic Vest, S                                    58935.112
Components                                         Bottom Brackets                                    HL Bottom Bracket                                  10291.1532
Components                                         Bottom Brackets                                    LL Bottom Bracket                                  3183.6672
Components                                         Brakes                                             Front Brakes                                       13033.896
Components                                         Brakes                                             Rear Brakes                                        4087.044
Components                                         Chains                                             Chain                                              2430.0644
Components                                         Cranksets                                          HL Crankset                                        38517.7644
Components                                         Cranksets                                          LL Crankset                                        11662.3464
Components                                         Cranksets                                          ML Crankset                                        2720.8432
Components                                         Derailleurs                                        Front Derailleur                                   11511.9712
Components                                         Derailleurs                                        Rear Derailleur                                    6688.5734
Components                                         Forks                                              HL Fork                                            15831.1204
Components                                         Forks                                              LL Fork                                            4393.237
Components                                         Handlebars                                         HL Mountain Handlebars                             7675.398
Components                                         Handlebars                                         HL Road Handlebars                                 9700.2599
Components                                         Handlebars                                         HL Touring Handlebars                              3142.678
Components                                         Handlebars                                         LL Mountain Handlebars                             4933.6826
Components                                         Handlebars                                         LL Road Handlebars                                 1210.2921
Components                                         Handlebars                                         LL Touring Handlebars                              402.64
Components                                         Handlebars                                         ML Mountain Handlebars                             11511.5399
Components                                         Headsets                                           HL Headset                                         4961.7645
Components                                         Headsets                                           LL Headset                                         506.844
Components                                         Headsets                                           ML Headset                                         10173.1233
Components                                         Mountain Frames                                    HL Mountain Frame - Black, 38                      14760.1787
Components                                         Mountain Frames                                    HL Mountain Frame - Black, 42                      28782.8126
Components                                         Mountain Frames                                    HL Mountain Frame - Black, 44                      1881.3424
Components                                         Mountain Frames                                    HL Mountain Frame - Black, 48                      14497.4032
Components                                         Mountain Frames                                    HL Mountain Frame - Silver, 38                     29831.3497
Components                                         Mountain Frames                                    HL Mountain Frame - Silver, 42                     10595.5402
Components                                         Mountain Frames                                    HL Mountain Frame - Silver, 46                     14623.6426
Components                                         Mountain Frames                                    HL Mountain Frame - Silver, 48                     19356.797
Components                                         Mountain Frames                                    LL Mountain Frame - Black, 40                      104.712
Components                                         Mountain Frames                                    LL Mountain Frame - Black, 42                      5536.647
Components                                         Mountain Frames                                    LL Mountain Frame - Black, 44                      8125.6712
Components                                         Mountain Frames                                    LL Mountain Frame - Black, 48                      5052.354
Components                                         Mountain Frames                                    LL Mountain Frame - Black, 52                      196.335
Components                                         Mountain Frames                                    LL Mountain Frame - Silver, 40                     6057.5094
Components                                         Mountain Frames                                    LL Mountain Frame - Silver, 42                     8505.3546
Components                                         Mountain Frames                                    LL Mountain Frame - Silver, 44                     5133.2302
Components                                         Mountain Frames                                    LL Mountain Frame - Silver, 48                     608.7928
Components                                         Mountain Frames                                    LL Mountain Frame - Silver, 52                     5880.385
Components                                         Mountain Frames                                    ML Mountain Frame - Black, 38                      12046.4638
Components                                         Mountain Frames                                    ML Mountain Frame - Black, 40                      1593.6956
Components                                         Mountain Frames                                    ML Mountain Frame - Black, 44                      14507.3173
Components                                         Mountain Frames                                    ML Mountain Frame - Black, 48                      22245.6137
Components                                         Mountain Frames                                    ML Mountain Frame-W - Silver, 38                   133.5481
Components                                         Mountain Frames                                    ML Mountain Frame-W - Silver, 40                   16794.5835
Components                                         Mountain Frames                                    ML Mountain Frame-W - Silver, 42                   11962.0941
Components                                         Mountain Frames                                    ML Mountain Frame-W - Silver, 46                   3586.7204
Components                                         Pedals                                             HL Mountain Pedal                                  9837.014
Components                                         Pedals                                             HL Road Pedal                                      8540.8544
Components                                         Pedals                                             LL Mountain Pedal                                  2836.0636
Components                                         Pedals                                             LL Road Pedal                                      5482.6352
Components                                         Pedals                                             ML Mountain Pedal                                  3341.67
Components                                         Pedals                                             ML Road Pedal                                      6402.446
Components                                         Pedals                                             Touring Pedal                                      1857.2568
Components                                         Road Frames                                        HL Road Frame - Black, 44                          -23676.1206
Components                                         Road Frames                                        HL Road Frame - Black, 48                          -4808.9542
Components                                         Road Frames                                        HL Road Frame - Red, 44                            -26973.5219
Components                                         Road Frames                                        HL Road Frame - Red, 48                            -4808.9542
Components                                         Road Frames                                        HL Road Frame - Red, 62                            -27032.0146
Components                                         Road Frames                                        LL Road Frame - Black, 44                          -3536.0892
Components                                         Road Frames                                        LL Road Frame - Black, 52                          -23748.5548
Components                                         Road Frames                                        LL Road Frame - Black, 58                          -14711.69
Components                                         Road Frames                                        LL Road Frame - Black, 60                          -1551.9457
Components                                         Road Frames                                        LL Road Frame - Red, 44                            9309.8833
Components                                         Road Frames                                        LL Road Frame - Red, 48                            6542.8381
Components                                         Road Frames                                        LL Road Frame - Red, 52                            1388.7334
Components                                         Road Frames                                        LL Road Frame - Red, 60                            9524.9378
Components                                         Road Frames                                        LL Road Frame - Red, 62                            6808.0157
Components                                         Road Frames                                        ML Road Frame - Red, 48                            1189.65
Components                                         Road Frames                                        ML Road Frame - Red, 52                            428.274
Components                                         Road Frames                                        ML Road Frame-W - Yellow, 38                       -19712.9648
Components                                         Road Frames                                        ML Road Frame-W - Yellow, 40                       -5103.874
Components                                         Road Frames                                        ML Road Frame-W - Yellow, 44                       -31925.4579
Components                                         Road Frames                                        ML Road Frame-W - Yellow, 48                       -19591.3601
Components                                         Saddles                                            HL Mountain Seat/Saddle                            4261.9242
Components                                         Saddles                                            HL Road Seat/Saddle                                1100.3812
Components                                         Saddles                                            HL Touring Seat/Saddle                             3498.2268
Components                                         Saddles                                            LL Mountain Seat/Saddle                            1462.0865
Components                                         Saddles                                            LL Road Seat/Saddle                                42.307
Components                                         Saddles                                            LL Touring Seat/Saddle                             384.9937
Components                                         Saddles                                            ML Mountain Seat/Saddle                            3233.0992
Components                                         Saddles                                            ML Touring Seat/Saddle                             512.8872
Components                                         Touring Frames                                     HL Touring Frame - Blue, 46                        68.6622
Components                                         Touring Frames                                     HL Touring Frame - Blue, 50                        74.6852
Components                                         Touring Frames                                     HL Touring Frame - Blue, 54                        -1048.9101
Components                                         Touring Frames                                     HL Touring Frame - Blue, 60                        -900.9259
Components                                         Touring Frames                                     HL Touring Frame - Yellow, 46                      52.4001
Components                                         Touring Frames                                     HL Touring Frame - Yellow, 50                      49.9909
Components                                         Touring Frames                                     HL Touring Frame - Yellow, 54                      -939.6846
Components                                         Touring Frames                                     HL Touring Frame - Yellow, 60                      -228.7085
Components                                         Touring Frames                                     LL Touring Frame - Blue, 44                        5.0025
Components                                         Touring Frames                                     LL Touring Frame - Blue, 50                        63.2316
Components                                         Touring Frames                                     LL Touring Frame - Blue, 54                        42.2211
Components                                         Touring Frames                                     LL Touring Frame - Blue, 58                        0.8004
Components                                         Touring Frames                                     LL Touring Frame - Blue, 62                        3.0015
Components                                         Touring Frames                                     LL Touring Frame - Yellow, 44                      -14.523
Components                                         Touring Frames                                     LL Touring Frame - Yellow, 50                      45.6228
Components                                         Touring Frames                                     LL Touring Frame - Yellow, 58                      7.2036
Components                                         Touring Frames                                     LL Touring Frame - Yellow, 62                      -247.1142
Components                                         Wheels                                             HL Mountain Front Wheel                            10397.037
Components                                         Wheels                                             HL Mountain Rear Wheel                             42835.6824
Components                                         Wheels                                             HL Road Front Wheel                                29194.4898
Components                                         Wheels                                             HL Road Rear Wheel                                 5335.9084
Components                                         Wheels                                             LL Mountain Front Wheel                            5831.0217
Components                                         Wheels                                             LL Mountain Rear Wheel                             4681.3644
Components                                         Wheels                                             LL Road Rear Wheel                                 15273.685
Components                                         Wheels                                             ML Mountain Front Wheel                            8673.7014
Components                                         Wheels                                             ML Mountain Rear Wheel                             30984.4188
Components                                         Wheels                                             ML Road Front Wheel                                20683.537
Components                                         Wheels                                             ML Road Rear Wheel                                 2749.4464

(266 rows affected)


Completion time: 2025-09-29T19:39:53.8821322+07:00
